// Jest Snapshot v1, https://goo.gl/fbAQLP

exports[`renders successfully at root 1`] = `
Object {
  "asFragment": [Function],
  "baseElement": <body>
    <div>
      <div
        class="app"
      >
        <div
          class="container"
        >
          <svg
            class="pointer left"
            height="32"
            width="32"
          >
            star-empty.svg
          </svg>
          <svg
            class="pointer left"
            height="32"
            width="32"
          >
            star-empty.svg
          </svg>
          <svg
            class="pointer left"
            height="32"
            width="32"
          >
            star-empty.svg
          </svg>
          <svg
            class="pointer left"
            height="32"
            width="32"
          >
            star-empty.svg
          </svg>
          <svg
            class="pointer left"
            height="32"
            width="32"
          >
            star-empty.svg
          </svg>
        </div>
        <svg
          class="pointer more-left"
          height="16"
          width="16"
        >
          reset.svg
        </svg>
      </div>
    </div>
  </body>,
  "container": <div>
    <div
      class="app"
    >
      <div
        class="container"
      >
        <svg
          class="pointer left"
          height="32"
          width="32"
        >
          star-empty.svg
        </svg>
        <svg
          class="pointer left"
          height="32"
          width="32"
        >
          star-empty.svg
        </svg>
        <svg
          class="pointer left"
          height="32"
          width="32"
        >
          star-empty.svg
        </svg>
        <svg
          class="pointer left"
          height="32"
          width="32"
        >
          star-empty.svg
        </svg>
        <svg
          class="pointer left"
          height="32"
          width="32"
        >
          star-empty.svg
        </svg>
      </div>
      <svg
        class="pointer more-left"
        height="16"
        width="16"
      >
        reset.svg
      </svg>
    </div>
  </div>,
  "debug": [Function],
  "findAllByAltText": [Function],
  "findAllByDisplayValue": [Function],
  "findAllByLabelText": [Function],
  "findAllByPlaceholderText": [Function],
  "findAllByRole": [Function],
  "findAllByTestId": [Function],
  "findAllByText": [Function],
  "findAllByTitle": [Function],
  "findByAltText": [Function],
  "findByDisplayValue": [Function],
  "findByLabelText": [Function],
  "findByPlaceholderText": [Function],
  "findByRole": [Function],
  "findByTestId": [Function],
  "findByText": [Function],
  "findByTitle": [Function],
  "getAllByAltText": [Function],
  "getAllByDisplayValue": [Function],
  "getAllByLabelText": [Function],
  "getAllByPlaceholderText": [Function],
  "getAllByRole": [Function],
  "getAllByTestId": [Function],
  "getAllByText": [Function],
  "getAllByTitle": [Function],
  "getByAltText": [Function],
  "getByDisplayValue": [Function],
  "getByLabelText": [Function],
  "getByPlaceholderText": [Function],
  "getByRole": [Function],
  "getByTestId": [Function],
  "getByText": [Function],
  "getByTitle": [Function],
  "queryAllByAltText": [Function],
  "queryAllByDisplayValue": [Function],
  "queryAllByLabelText": [Function],
  "queryAllByPlaceholderText": [Function],
  "queryAllByRole": [Function],
  "queryAllByTestId": [Function],
  "queryAllByText": [Function],
  "queryAllByTitle": [Function],
  "queryByAltText": [Function],
  "queryByDisplayValue": [Function],
  "queryByLabelText": [Function],
  "queryByPlaceholderText": [Function],
  "queryByRole": [Function],
  "queryByTestId": [Function],
  "queryByText": [Function],
  "queryByTitle": [Function],
  "rerender": [Function],
  "unmount": [Function],
}
`;
